Hello from Nxlang!
Second line.
Third line.